
  .   ____          _            __ _ _
 /\\ / ___'_ __ _ _(_)_ __  __ _ \ \ \ \
( ( )\___ | '_ | '_| | '_ \/ _` | \ \ \ \
 \\/  ___)| |_)| | | | | || (_| |  ) ) ) )
  '  |____| .__|_| |_|_| |_\__, | / / / /
 =========|_|==============|___/=/_/_/_/

 :: Spring Boot ::                (v4.1.0)

2026-08-09T12:48:36.888+07:00  INFO 33546 --- [ms-gym-plans] [           main] com.gym.plans.MsGymPlansApplication      : Starting MsGymPlansApplication v1.0.0 using Java 26.0.2 with PID 33546 (/home/phucl/Workplace/gapi/ms-gym-plans/build/libs/ms-gym-plans-1.0.0.jar started by phucl in /home/phucl/Workplace/gapi/ms-gym-plans)
2026-08-09T12:48:36.891+07:00 DEBUG 33546 --- [ms-gym-plans] [           main] com.gym.plans.MsGymPlansApplication      : Running with Spring Boot v4.1.0, Spring v7.0.8
2026-08-09T12:48:36.891+07:00  INFO 33546 --- [ms-gym-plans] [           main] com.gym.plans.MsGymPlansApplication      : No active profile set, falling back to 1 default profile: "default"
2026-08-09T12:48:37.919+07:00  INFO 33546 --- [ms-gym-plans] [           main] .s.d.r.c.RepositoryConfigurationDelegate : Bootstrapping Spring Data JPA repositories in DEFAULT mode.
2026-08-09T12:48:37.968+07:00  INFO 33546 --- [ms-gym-plans] [           main] .s.d.r.c.RepositoryConfigurationDelegate : Finished Spring Data repository scanning in 40 ms. Found 2 JPA repository interfaces.
2026-08-09T12:48:38.539+07:00  INFO 33546 --- [ms-gym-plans] [           main] o.s.boot.tomcat.TomcatWebServer          : Tomcat initialized with port 8080 (http)
2026-08-09T12:48:38.551+07:00  INFO 33546 --- [ms-gym-plans] [           main] o.apache.catalina.core.StandardService   : Starting service [Tomcat]
2026-08-09T12:48:38.551+07:00  INFO 33546 --- [ms-gym-plans] [           main] o.apache.catalina.core.StandardEngine    : Starting Servlet engine: [Apache Tomcat/11.0.22]
2026-08-09T12:48:38.575+07:00  INFO 33546 --- [ms-gym-plans] [           main] b.w.c.s.WebApplicationContextInitializer : Root WebApplicationContext: initialization completed in 1638 ms
2026-08-09T12:48:38.747+07:00 DEBUG 33546 --- [ms-gym-plans] [           main] c.g.p.a.in.http.HttpTrustedClaimsFilter  : Filter 'httpTrustedClaimsFilter' configured for use
2026-08-09T12:48:38.963+07:00  INFO 33546 --- [ms-gym-plans] [           main] com.zaxxer.hikari.HikariDataSource       : HikariPool-1 - Starting...
2026-08-09T12:48:39.111+07:00  INFO 33546 --- [ms-gym-plans] [           main] com.zaxxer.hikari.pool.HikariPool        : HikariPool-1 - Added connection org.postgresql.jdbc.PgConnection@76af34b5
2026-08-09T12:48:39.113+07:00  INFO 33546 --- [ms-gym-plans] [           main] com.zaxxer.hikari.HikariDataSource       : HikariPool-1 - Start completed.
2026-08-09T12:48:39.134+07:00  INFO 33546 --- [ms-gym-plans] [           main] org.flywaydb.core.FlywayExecutor         : Database: jdbc:postgresql://localhost:5433/plans_db (PostgreSQL 16.14)
2026-08-09T12:48:39.188+07:00  INFO 33546 --- [ms-gym-plans] [           main] o.f.c.i.s.JdbcTableSchemaHistory         : Schema history table "public"."flyway_schema_history" does not exist yet
2026-08-09T12:48:39.191+07:00  INFO 33546 --- [ms-gym-plans] [           main] o.f.core.internal.command.DbValidate     : Successfully validated 1 migration (execution time 00:00.015s)
2026-08-09T12:48:39.199+07:00  INFO 33546 --- [ms-gym-plans] [           main] org.flywaydb.core.Flyway                 : All configured schemas are empty; a baseline marker will not be added to Flyway's schema history table. A baseline or migration script with a lower version than the baseline version may execute if available. Check the Schemas parameter if this is not intended. See https://help.red-gate.com/help/flyway-cli12/help_4.aspx?topic=baseline-on-migrate for more info
2026-08-09T12:48:39.203+07:00  INFO 33546 --- [ms-gym-plans] [           main] o.f.c.i.s.JdbcTableSchemaHistory         : Creating Schema History table "public"."flyway_schema_history" ...
2026-08-09T12:48:39.257+07:00  INFO 33546 --- [ms-gym-plans] [           main] o.f.core.internal.command.DbMigrate      : Current version of schema "public": << Empty Schema >>
2026-08-09T12:48:39.267+07:00  INFO 33546 --- [ms-gym-plans] [           main] o.f.core.internal.command.DbMigrate      : Migrating schema "public" to version "1 - init plans schema"
2026-08-09T12:48:39.329+07:00  INFO 33546 --- [ms-gym-plans] [           main] o.f.core.internal.command.DbMigrate      : Successfully applied 1 migration to schema "public", now at version v1 (execution time 00:00.047s)
2026-08-09T12:48:39.423+07:00  INFO 33546 --- [ms-gym-plans] [           main] org.hibernate.orm.jpa                    : HHH008540: Processing PersistenceUnitInfo [name: default]
2026-08-09T12:48:39.490+07:00  INFO 33546 --- [ms-gym-plans] [           main] org.hibernate.orm.core                   : HHH000001: Hibernate ORM core version 7.4.1.Final
2026-08-09T12:48:39.960+07:00  INFO 33546 --- [ms-gym-plans] [           main] o.s.o.j.p.SpringPersistenceUnitInfo      : No LoadTimeWeaver setup: ignoring JPA class transformer
2026-08-09T12:48:40.025+07:00  INFO 33546 --- [ms-gym-plans] [           main] org.hibernate.orm.connections.pooling    : HHH10001005: Database info:
	Database JDBC URL [jdbc:postgresql://localhost:5433/plans_db]
	Database driver: PostgreSQL JDBC Driver
	Database dialect: PostgreSQLDialect
	Database version: 16.14
	Default catalog/schema: plans_db/public
	Autocommit mode: undefined/unknown
	Isolation level: READ_COMMITTED [default READ_COMMITTED]
	JDBC fetch size: none
	Pool: DataSourceConnectionProvider
	Minimum pool size: undefined/unknown
	Maximum pool size: undefined/unknown
2026-08-09T12:48:40.892+07:00  INFO 33546 --- [ms-gym-plans] [           main] org.hibernate.orm.core                   : HHH000489: No JTA platform available (set 'hibernate.transaction.jta.platform' to enable JTA platform integration)
2026-08-09T12:48:40.935+07:00  INFO 33546 --- [ms-gym-plans] [           main] j.LocalContainerEntityManagerFactoryBean : Initialized JPA EntityManagerFactory for persistence unit 'default'
2026-08-09T12:48:41.024+07:00  INFO 33546 --- [ms-gym-plans] [           main] o.s.d.j.r.query.QueryEnhancerFactories   : Hibernate is in classpath; If applicable, HQL parser will be used.
2026-08-09T12:48:41.248+07:00  WARN 33546 --- [ms-gym-plans] [           main] JpaBaseConfiguration$JpaWebConfiguration : spring.jpa.open-in-view is enabled by default. Therefore, database queries may be performed during view rendering. Explicitly configure spring.jpa.open-in-view to disable this warning
2026-08-09T12:48:41.532+07:00  INFO 33546 --- [ms-gym-plans] [           main] o.a.kafka.common.config.AbstractConfig   : KafkaProtobufDeserializerConfig values: 
	auto.register.schemas = false
	basic.auth.credentials.source = URL
	basic.auth.user.info = [hidden]
	bearer.auth.cache.expiry.buffer.seconds = 300
	bearer.auth.client.id = null
	bearer.auth.client.secret = null
	bearer.auth.credentials.source = STATIC_TOKEN
	bearer.auth.custom.provider.class = null
	bearer.auth.identity.pool.id = null
	bearer.auth.issuer.endpoint.url = null
	bearer.auth.logical.cluster = null
	bearer.auth.scope = null
	bearer.auth.scope.claim.name = scope
	bearer.auth.sub.claim.name = sub
	bearer.auth.token = [hidden]
	context.name.strategy = class io.confluent.kafka.serializers.context.NullContextNameStrategy
	derive.type = false
	http.connect.timeout.ms = 60000
	http.read.timeout.ms = 60000
	id.compatibility.strict = true
	key.subject.name.strategy = class io.confluent.kafka.serializers.subject.TopicNameStrategy
	latest.cache.size = 1000
	latest.cache.ttl.sec = -1
	latest.compatibility.strict = true
	max.schemas.per.subject = 1000
	normalize.schemas = false
	propagate.schema.tags = false
	proxy.host = 
	proxy.port = -1
	rule.actions = []
	rule.executors = []
	rule.service.loader.enable = true
	schema.format = null
	schema.reflection = false
	schema.registry.basic.auth.user.info = [hidden]
	schema.registry.ssl.cipher.suites = []
	schema.registry.ssl.enabled.protocols = [TLSv1.2, TLSv1.3]
	schema.registry.ssl.endpoint.identification.algorithm = https
	schema.registry.ssl.engine.factory.class = null
	schema.registry.ssl.key.password = null
	schema.registry.ssl.keymanager.algorithm = SunX509
	schema.registry.ssl.keystore.certificate.chain = null
	schema.registry.ssl.keystore.key = null
	schema.registry.ssl.keystore.location = null
	schema.registry.ssl.keystore.password = null
	schema.registry.ssl.keystore.type = JKS
	schema.registry.ssl.protocol = TLSv1.3
	schema.registry.ssl.provider = null
	schema.registry.ssl.secure.random.implementation = null
	schema.registry.ssl.trustmanager.algorithm = PKIX
	schema.registry.ssl.truststore.certificates = null
	schema.registry.ssl.truststore.location = null
	schema.registry.ssl.truststore.password = null
	schema.registry.ssl.truststore.type = JKS
	schema.registry.url = [http://localhost:8081]
	specific.protobuf.key.type = class java.lang.Object
	specific.protobuf.value.type = class java.lang.Object
	use.latest.version = false
	use.latest.with.metadata = null
	use.schema.id = -1
	value.subject.name.strategy = class io.confluent.kafka.serializers.subject.TopicNameStrategy

2026-08-09T12:48:41.826+07:00  INFO 33546 --- [ms-gym-plans] [           main] o.s.b.a.e.web.EndpointLinksResolver      : Exposing 3 endpoints beneath base path '/actuator'
2026-08-09T12:48:41.899+07:00  INFO 33546 --- [ms-gym-plans] [           main] o.s.boot.tomcat.TomcatWebServer          : Tomcat started on port 8080 (http) with context path '/'
2026-08-09T12:48:41.923+07:00  INFO 33546 --- [ms-gym-plans] [           main] com.gym.plans.MsGymPlansApplication      : Started MsGymPlansApplication in 5.55 seconds (process running for 6.055)
2026-08-09T12:48:41.981+07:00  INFO 33546 --- [ms-gym-plans] [nio-8080-exec-1] o.a.c.c.C.[Tomcat].[localhost].[/]       : Initializing Spring DispatcherServlet 'dispatcherServlet'
2026-08-09T12:48:41.981+07:00  INFO 33546 --- [ms-gym-plans] [nio-8080-exec-1] o.s.web.servlet.DispatcherServlet        : Initializing Servlet 'dispatcherServlet'
2026-08-09T12:48:41.982+07:00  INFO 33546 --- [ms-gym-plans] [nio-8080-exec-1] o.s.web.servlet.DispatcherServlet        : Completed initialization in 1 ms
WARNING: A terminally deprecated method in sun.misc.Unsafe has been called
WARNING: sun.misc.Unsafe::allocateMemory has been called by io.grpc.netty.shaded.io.netty.util.internal.PlatformDependent0$2 (jar:nested:/home/phucl/Workplace/gapi/ms-gym-plans/build/libs/ms-gym-plans-1.0.0.jar/!BOOT-INF/lib/grpc-netty-shaded-1.80.0.jar!/)
WARNING: Please consider reporting this to the maintainers of class io.grpc.netty.shaded.io.netty.util.internal.PlatformDependent0$2
WARNING: sun.misc.Unsafe::allocateMemory will be removed in a future release
WARNING: A restricted method in java.lang.System has been called
WARNING: java.lang.System::loadLibrary has been called by io.grpc.netty.shaded.io.netty.util.internal.NativeLibraryUtil in an unnamed module (jar:nested:/home/phucl/Workplace/gapi/ms-gym-plans/build/libs/ms-gym-plans-1.0.0.jar/!BOOT-INF/lib/grpc-netty-shaded-1.80.0.jar!/)
WARNING: Use --enable-native-access=ALL-UNNAMED to avoid a warning for callers in this module
WARNING: Restricted methods will be blocked in a future release unless native access is enabled

2026-08-09T12:48:42.279+07:00  INFO 33546 --- [ms-gym-plans] [           main] com.gym.plans.config.GrpcConfig          : gRPC server started on port 50051
2026-08-09T12:49:55.210+07:00  INFO 33546 --- [ms-gym-plans] [       Thread-1] com.gym.plans.config.GrpcConfig          : Shutting down gRPC server...
2026-08-09T12:49:55.215+07:00  INFO 33546 --- [ms-gym-plans] [ionShutdownHook] o.s.boot.tomcat.GracefulShutdown         : Commencing graceful shutdown. Waiting for active requests to complete
2026-08-09T12:49:55.220+07:00  INFO 33546 --- [ms-gym-plans] [tomcat-shutdown] o.s.boot.tomcat.GracefulShutdown         : Graceful shutdown complete
2026-08-09T12:49:55.227+07:00  INFO 33546 --- [ms-gym-plans] [ionShutdownHook] j.LocalContainerEntityManagerFactoryBean : Closing JPA EntityManagerFactory for persistence unit 'default'
2026-08-09T12:49:55.229+07:00  INFO 33546 --- [ms-gym-plans] [ionShutdownHook] com.zaxxer.hikari.HikariDataSource       : HikariPool-1 - Shutdown initiated...
2026-08-09T12:49:55.231+07:00  INFO 33546 --- [ms-gym-plans] [ionShutdownHook] com.zaxxer.hikari.HikariDataSource       : HikariPool-1 - Shutdown completed.
