#0 building with "default" instance using docker driver

#1 [internal] load build definition from Dockerfile
#1 transferring dockerfile: 472B done
#1 DONE 0.1s

#2 [internal] load metadata for docker.io/library/eclipse-temurin:26-jdk-alpine
#2 DONE 0.0s

#3 [internal] load metadata for docker.io/library/eclipse-temurin:26-jre
#3 DONE 1.7s

#4 [internal] load .dockerignore
#4 transferring context: 2B done
#4 DONE 0.1s

#5 [internal] load build context
#5 DONE 0.0s

#6 [builder 1/6] FROM docker.io/library/eclipse-temurin:26-jdk-alpine@sha256:6e4c885e8663c6814d07946a2abe2b8abcaacb5d4523222c9458c8124db4e48c
#6 resolve docker.io/library/eclipse-temurin:26-jdk-alpine@sha256:6e4c885e8663c6814d07946a2abe2b8abcaacb5d4523222c9458c8124db4e48c 0.1s done
#6 DONE 0.1s

#7 [stage-1 1/3] FROM docker.io/library/eclipse-temurin:26-jre@sha256:92969270a1c1f9fc399ba05aeefed8b7c48bc882db2bdfb33352075a498a3a85
#7 resolve docker.io/library/eclipse-temurin:26-jre@sha256:92969270a1c1f9fc399ba05aeefed8b7c48bc882db2bdfb33352075a498a3a85 0.1s done
#7 DONE 0.1s

#5 [internal] load build context
#5 transferring context: 186.50kB 0.0s done
#5 DONE 0.1s

#8 [builder 2/6] WORKDIR /app
#8 CACHED

#9 [builder 3/6] COPY build.gradle settings.gradle gradlew ./
#9 DONE 0.1s

#10 [builder 4/6] COPY gradle/ gradle/
#10 DONE 0.1s

#11 [builder 5/6] COPY src/ src/
#11 DONE 0.1s

#12 [builder 6/6] RUN ./gradlew build --no-daemon -x test
#12 0.421 Downloading https://services.gradle.org/distributions/gradle-9.6.1-bin.zip
#12 1.801 .............10%.............20%..............30%.............40%..............50%.............60%.............70%..............80%.............90%..............100%
#12 14.11 WARNING: A restricted method in java.lang.System has been called
#12 14.11 WARNING: java.lang.System::load has been called by net.rubygrapefruit.platform.internal.NativeLibraryLoader in an unnamed module (file:/root/.gradle/wrapper/dists/gradle-9.6.1-bin/4ticwg1pgcbps2hj28r8so764/gradle-9.6.1/lib/native-platform-0.22-milestone-29.jar)
#12 14.11 WARNING: Use --enable-native-access=ALL-UNNAMED to avoid a warning for callers in this module
#12 14.11 WARNING: Restricted methods will be blocked in a future release unless native access is enabled
#12 14.11 
#12 14.25 
#12 14.25 Welcome to Gradle 9.6.1!
#12 14.25 
#12 14.25 Here are the highlights of this release:
#12 14.25  - Improved Configuration Cache hit rates
#12 14.25  - Additional CLI rendering options
#12 14.25  - Important project hierarchy lookup deprecations
#12 14.25 
#12 14.25 For more details see https://docs.gradle.org/9.6.1/release-notes.html
#12 14.25 
#12 14.35 To honour the JVM settings for this build a single-use Daemon process will be forked. For more on this, please refer to https://docs.gradle.org/9.6.1/userguide/gradle_daemon.html#sec:disabling_the_daemon in the Gradle documentation.
#12 15.25 Daemon will be stopped at the end of the build 
#12 45.25 
#12 45.26 > Configure project :
#12 45.26 GitHub Packages auth: username='ppl', token present (length=31)
#12 67.25 
#12 67.25 > Task :compileJava FAILED
#12 67.35 
#12 67.35 [Incubating] Problems report is available at: file:///app/build/reports/problems/problems-report.html
#12 67.35 
#12 67.35 FAILURE: Build failed with an exception.
#12 67.35 
#12 67.35 * What went wrong:
#12 67.35 Execution failed for task ':compileJava' (registered by plugin class 'org.gradle.api.plugins.JavaBasePlugin').
#12 67.35 > Could not resolve all files for configuration ':compileClasspath'.
#12 67.35    > Could not resolve com.gym:common-java:2.0.2.
#12 67.35      Required by:
#12 67.35          root project 'ms-gym-plans'
#12 67.35       > Could not resolve com.gym:common-java:2.0.2.
#12 67.35          > Could not get resource 'https://maven.pkg.github.com/pploc/common-java/com/gym/common-java/2.0.2/common-java-2.0.2.pom'.
#12 67.35             > Could not GET 'https://maven.pkg.github.com/pploc/common-java/com/gym/common-java/2.0.2/common-java-2.0.2.pom'. Received status code 401 from server: Unauthorized
#12 67.35    > Could not resolve com.gym.proto:gym-proto-java:3.0.0.
#12 67.35      Required by:
#12 67.35          root project 'ms-gym-plans'
#12 67.35       > Could not resolve com.gym.proto:gym-proto-java:3.0.0.
#12 67.35          > Could not get resource 'https://maven.pkg.github.com/pploc/gym-proto/com/gym/proto/gym-proto-java/3.0.0/gym-proto-java-3.0.0.pom'.
#12 67.35             > Could not GET 'https://maven.pkg.github.com/pploc/gym-proto/com/gym/proto/gym-proto-java/3.0.0/gym-proto-java-3.0.0.pom'. Received status code 401 from server: Unauthorized
#12 67.35 
#12 67.35 * Try:
#12 67.35 > Run with --stacktrace option to get the stack trace.
#12 67.35 > Run with --info or --debug option to get more log output.
#12 67.35 > Run with --scan to get full insights from a Build Scan (powered by Develocity).
#12 67.35 > Get more help at https://help.gradle.org.
#12 67.35 
#12 67.35 Deprecated Gradle features were used in this build, making it incompatible with Gradle 10.
#12 67.35 
#12 67.35 You can use '--warning-mode all' to show the individual deprecation warnings and determine if they come from your own scripts or plugins.
#12 67.35 
#12 67.35 
#12 67.35 BUILD FAILED in 1m 6s
#12 67.36 For more on this, please refer to https://docs.gradle.org/9.6.1/userguide/command_line_interface.html#sec:command_line_warnings in the Gradle documentation.
#12 67.36 1 actionable task: 1 executed
#12 ERROR: process "/bin/sh -c ./gradlew build --no-daemon -x test" did not complete successfully: exit code: 1
------
 > [builder 6/6] RUN ./gradlew build --no-daemon -x test:
67.35 > Get more help at https://help.gradle.org.
67.35 
67.35 Deprecated Gradle features were used in this build, making it incompatible with Gradle 10.
67.35 
67.35 You can use '--warning-mode all' to show the individual deprecation warnings and determine if they come from your own scripts or plugins.
67.35 
67.35 
67.35 BUILD FAILED in 1m 6s
67.36 For more on this, please refer to https://docs.gradle.org/9.6.1/userguide/command_line_interface.html#sec:command_line_warnings in the Gradle documentation.
67.36 1 actionable task: 1 executed
------

 [33m2 warnings found (use docker --debug to expand):
[0m - SecretsUsedInArgOrEnv: Do not use ARG or ENV instructions for sensitive data (ARG "GITHUB_TOKEN") (line 5)
 - SecretsUsedInArgOrEnv: Do not use ARG or ENV instructions for sensitive data (ENV "GITHUB_TOKEN") (line 7)
Dockerfile:13
--------------------
  11 |     COPY src/ src/
  12 |     
  13 | >>> RUN ./gradlew build --no-daemon -x test
  14 |     
  15 |     FROM eclipse-temurin:26-jre
--------------------
ERROR: failed to build: failed to solve: process "/bin/sh -c ./gradlew build --no-daemon -x test" did not complete successfully: exit code: 1
