#0 building with "default" instance using docker driver

#1 [internal] load build definition from Dockerfile.plans-runtime
#1 transferring dockerfile: 185B done
#1 DONE 0.1s

#2 [internal] load metadata for docker.io/library/eclipse-temurin:26-jre
#2 DONE 0.9s

#3 [internal] load .dockerignore
#3 transferring context: 2B done
#3 DONE 0.1s

#4 [internal] load build context
#4 ...

#5 [1/3] FROM docker.io/library/eclipse-temurin:26-jre@sha256:92969270a1c1f9fc399ba05aeefed8b7c48bc882db2bdfb33352075a498a3a85
#5 resolve docker.io/library/eclipse-temurin:26-jre@sha256:92969270a1c1f9fc399ba05aeefed8b7c48bc882db2bdfb33352075a498a3a85 0.1s done
#5 DONE 0.1s

#6 [2/3] WORKDIR /app
#6 CACHED

#4 [internal] load build context
#4 transferring context: 117.21MB 0.5s done
#4 DONE 0.6s

#7 [3/3] COPY ms-gym-plans-1.0.0.jar app.jar
#7 DONE 0.2s

#8 exporting to image
#8 exporting layers
#8 exporting layers 3.1s done
#8 exporting manifest sha256:40da4074142e8c7e6abade62478c7655b92c8e823ca8b95372d141c1cc6a0db9 0.0s done
#8 exporting config sha256:be16a34c26fd0087491cf36aa657b7e942d7d7552962abd145d0cbcc93a0dc1e 0.0s done
#8 exporting attestation manifest sha256:5a409edf22412bb12744494277bc49763cf60065dbb4c51b45bfaa457f03028d 0.1s done
#8 exporting manifest list sha256:73dafa8b6c2a49f1c4b79bed3500f2eb097515661ed2f0f511dfab4523a79d65 0.0s done
#8 naming to docker.io/library/ms-gym-plans:g7-local done
#8 unpacking to docker.io/library/ms-gym-plans:g7-local
#8 unpacking to docker.io/library/ms-gym-plans:g7-local 1.1s done
#8 DONE 4.4s
