 Image gym-g8-ms-gym-plans Building 
 Image gym-g8-mock-upstream Building 
 Image gym-g8-fake-payment Building 
 Image gym-g8-ms-gym-identifier Building 
 Image gym-g8-ms-gym-member Building 
 Network gym-g8_default Creating 
 Network gym-g8_default Created 
 Container gym-g8-redis-1 Creating 
 Container gym-g8-member-postgres-1 Creating 
 Container gym-g8-identity-postgres-1 Creating 
 Container gym-g8-kafka-1 Creating 
 Container gym-g8-plans-postgres-1 Creating 
 Container gym-g8-mock-upstream-1 Creating 
 Container gym-g8-mock-upstream-1 Created 
 Container gym-g8-plans-postgres-1 Created 
 Container gym-g8-ms-gym-plans-1 Creating 
 Container gym-g8-kafka-1 Created 
 Container gym-g8-schema-registry-1 Creating 
 Container gym-g8-topic-seed-1 Creating 
 Container gym-g8-redis-1 Created 
 Container gym-g8-identity-postgres-1 Created 
 Container gym-g8-identifier-migrate-1 Creating 
 Container gym-g8-member-postgres-1 Created 
 Container gym-g8-ms-gym-plans-1 Created 
 Container gym-g8-schema-registry-1 Created 
 Container gym-g8-identifier-migrate-1 Created 
 Container gym-g8-topic-seed-1 Created 
 Container gym-g8-schema-seed-1 Creating 
 Container gym-g8-schema-seed-1 Created 
 Container gym-g8-fake-payment-1 Creating 
 Container gym-g8-fake-payment-1 Created 
 Container gym-g8-ms-gym-member-1 Creating 
 Container gym-g8-ms-gym-member-1 Created 
 Container gym-g8-ms-gym-identifier-1 Creating 
 Container gym-g8-ms-gym-identifier-1 Created 
 Container gym-g8-kong-1 Creating 
 Container gym-g8-kong-1 Created 
 Container gym-g8-mock-upstream-1 Started 
 Container gym-g8-redis-1 Started 
 Container gym-g8-plans-postgres-1 Started 
 Container gym-g8-kafka-1 Started 
 Container gym-g8-identity-postgres-1 Started 
 Container gym-g8-member-postgres-1 Started 
 Container gym-g8-plans-postgres-1 Healthy 
 Container gym-g8-identity-postgres-1 Healthy 
 Container gym-g8-ms-gym-plans-1 Started 
 Container gym-g8-identifier-migrate-1 Started 
 Container gym-g8-kafka-1 Healthy 
 Container gym-g8-kafka-1 Healthy 
 Container gym-g8-topic-seed-1 Started 
 Container gym-g8-schema-registry-1 Started 
 Container gym-g8-schema-registry-1 Healthy 
 Container gym-g8-schema-seed-1 Started 
 Container gym-g8-kafka-1 Healthy 
 Container gym-g8-fake-payment-1 Started 
 Container gym-g8-kafka-1 Healthy 
 Container gym-g8-member-postgres-1 Healthy 
 Container gym-g8-ms-gym-plans-1 Healthy 
 Container gym-g8-schema-registry-1 Healthy 
 Container gym-g8-fake-payment-1 Healthy 
 Container gym-g8-ms-gym-member-1 Started 
 Container gym-g8-redis-1 Healthy 
 Container gym-g8-kafka-1 Healthy 
 Container gym-g8-ms-gym-plans-1 Healthy 
 Container gym-g8-schema-registry-1 Healthy 
 Container gym-g8-ms-gym-member-1 Healthy 
 Container gym-g8-ms-gym-identifier-1 Started 
 Container gym-g8-redis-1 Healthy 
 Container gym-g8-ms-gym-plans-1 Healthy 
 Container gym-g8-mock-upstream-1 Healthy 
 Container gym-g8-ms-gym-identifier-1 Healthy 
 Container gym-g8-kong-1 Started 
G8 business checks passed: register/verify, Plans catalog via HTTP, SelectGym Plans-first, purchase+fake payment, frozen snapshots, replay idempotency, schema ownership, mTLS method allowlist.
G8 three-service business checks passed. Member public HTTP remains intentionally unexposed.
